Loading db file '/home/Khach123/Documents/Nguyen/me_labs/liberty/saed14rvt_ff0p88v125c.db'
Information: Propagating switching activity (low effort zero delay simulation). (PWR-6)
Warning: Design has unannotated primary inputs. (PWR-414)
Warning: Design has unannotated sequential cell outputs. (PWR-415)
 
****************************************
Report : power
        -analysis_effort low
Design : fifo
Version: W-2024.09-SP3
Date   : Thu Jul 17 14:47:48 2025
****************************************


Library(s) Used:

    saed14rvt_ff0p88v125c (File: /home/Khach123/Documents/Nguyen/me_labs/liberty/saed14rvt_ff0p88v125c.db)


Operating Conditions: ff0p88v125c   Library: saed14rvt_ff0p88v125c
Wire Load Model Mode: top

Design        Wire Load Model            Library
------------------------------------------------
fifo                   8000              saed14rvt_ff0p88v125c


Global Operating Voltage = 0.88 
Power-specific unit information :
    Voltage Units = 1V
    Capacitance Units = 1.000000ff
    Time Units = 1ns
    Dynamic Power Units = 1uW    (derived from V,C,T units)
    Leakage Power Units = 1pW


Attributes
----------
i - Including register clock pin internal power


  Cell Internal Power  = 164.7409 uW   (96%)
  Net Switching Power  =   6.3225 uW    (4%)
                         ---------
Total Dynamic Power    = 171.0634 uW  (100%)

Cell Leakage Power     =   8.6347 uW


                 Internal         Switching           Leakage            Total
Power Group      Power            Power               Power              Power   (   %    )  Attrs
--------------------------------------------------------------------------------------------------
io_pad             0.0000            0.0000            0.0000            0.0000  (   0.00%)
memory             0.0000            0.0000            0.0000            0.0000  (   0.00%)
black_box          0.0000            0.0000            0.0000            0.0000  (   0.00%)
clock_network    160.8770            0.0000            0.0000          160.8770  (  89.53%)  i
register           2.1336            0.8737        5.3596e+06            8.3669  (   4.66%)
sequential         0.0000            0.0000            0.0000            0.0000  (   0.00%)
combinational      1.7303            5.4488        3.2751e+06           10.4543  (   5.82%)
--------------------------------------------------------------------------------------------------
Total            164.7409 uW         6.3225 uW     8.6347e+06 pW       179.6981 uW
1
